18:08:56 | CALL | open_app | {
  "app_name": "spotify"
}
18:08:58 | RESULT | open_app | ✅ SUCCESS (1609ms)
{
  "success": true,
  "opened": "spotify"
}
18:08:58 | --------------------------------------------------------------------------------
18:09:02 | CALL | wait | {
  "seconds": 3
}
18:09:05 | RESULT | wait | ✅ SUCCESS (3000ms)
{
  "waited": 3
}
18:09:05 | --------------------------------------------------------------------------------
18:09:12 | CALL | describe_screen | {
  "question": "What is the current state of Spotify? Is it loaded and logged in?"
}
18:09:13 | RESULT | describe_screen | ✅ SUCCESS (708ms)
{
  "image_captured": true,
  "image_base64": "[BASE64 DATA - 558404 chars]",
  "description": "Screenshot captured successfully. Looking at the screen now.",
  "question": "What is the current state of Spotify? Is it loaded and logged in?"
}
18:09:13 | --------------------------------------------------------------------------------
18:09:51 | CALL | open_app | {
  "app_name": "chrome"
}
18:09:53 | RESULT | open_app | ✅ SUCCESS (1612ms)
{
  "success": true,
  "opened": "chrome"
}
18:09:53 | --------------------------------------------------------------------------------
18:10:05 | CALL | wait | {
  "seconds": 3
}
18:10:08 | RESULT | wait | ✅ SUCCESS (2999ms)
{
  "waited": 3
}
18:10:08 | --------------------------------------------------------------------------------
18:10:11 | CALL | describe_screen | {
  "question": "What is the current state of Chrome? Is it open and ready?"
}
18:10:11 | RESULT | describe_screen | ✅ SUCCESS (567ms)
{
  "image_captured": true,
  "image_base64": "[BASE64 DATA - 483380 chars]",
  "description": "Screenshot captured successfully. Looking at the screen now.",
  "question": "What is the current state of Chrome? Is it open and ready?"
}
18:10:11 | --------------------------------------------------------------------------------
18:10:16 | CALL | click | {
  "x": 525,
  "y": 383
}
18:10:16 | RESULT | click | ✅ SUCCESS (269ms)
{
  "success": true,
  "clicked": "(525, 383)"
}
18:10:16 | --------------------------------------------------------------------------------
18:11:01 | CALL | wait | {
  "seconds": 2
}
18:11:03 | RESULT | wait | ✅ SUCCESS (2000ms)
{
  "waited": 2
}
18:11:03 | --------------------------------------------------------------------------------
18:11:14 | CALL | describe_screen | {
  "question": "Is Chrome loaded now? What do I see?"
}
18:11:15 | RESULT | describe_screen | ✅ SUCCESS (535ms)
{
  "image_captured": true,
  "image_base64": "[BASE64 DATA - 483380 chars]",
  "description": "Screenshot captured successfully. Looking at the screen now.",
  "question": "Is Chrome loaded now? What do I see?"
}
18:11:15 | --------------------------------------------------------------------------------
18:11:36 | CALL | click | {
  "x": 435,
  "y": 643
}
18:11:36 | RESULT | click | ✅ SUCCESS (261ms)
{
  "success": true,
  "clicked": "(435, 643)"
}
18:11:36 | --------------------------------------------------------------------------------
18:12:26 | CALL | wait | {
  "seconds": 3
}
18:12:29 | RESULT | wait | ✅ SUCCESS (3000ms)
{
  "waited": 3
}
18:12:29 | --------------------------------------------------------------------------------
18:13:12 | CALL | describe_screen | {
  "question": "Is Chrome now fully loaded in guest mode? What is visible?"
}
18:13:13 | RESULT | describe_screen | ✅ SUCCESS (253ms)
{
  "image_captured": true,
  "image_base64": "[BASE64 DATA - 518024 chars]",
  "description": "Screenshot captured successfully. Looking at the screen now.",
  "question": "Is Chrome now fully loaded in guest mode? What is visible?"
}
18:13:13 | --------------------------------------------------------------------------------
18:13:25 | CALL | open_app | {
  "app_name": "chrome"
}
18:13:27 | RESULT | open_app | ✅ SUCCESS (1611ms)
{
  "success": true,
  "opened": "chrome"
}
18:13:27 | --------------------------------------------------------------------------------
